[debug] [2026-07-03T03:59:51.219Z] ----------------------------------------------------------------------
[debug] [2026-07-03T03:59:51.222Z] Command:       /Users/alejandrobuitrago/.nvm/versions/node/v24.17.0/bin/node /Users/alejandrobuitrago/.nvm/versions/node/v24.17.0/bin/firebase login --reauth
[debug] [2026-07-03T03:59:51.223Z] CLI Version:   15.22.1
[debug] [2026-07-03T03:59:51.223Z] Platform:      darwin
[debug] [2026-07-03T03:59:51.223Z] Node Version:  v24.17.0
[debug] [2026-07-03T03:59:51.223Z] Detected Agent: unknown
[debug] [2026-07-03T03:59:51.223Z] Time:          Thu Jul 02 2026 22:59:51 GMT-0500 (Colombia Standard Time)
[debug] [2026-07-03T03:59:51.223Z] ----------------------------------------------------------------------
[debug] 
[info] 
[info] Visit this URL on this device to log in:
[info] https://accounts.google.com/o/oauth2/auth?client_id=563584335869-fgrhgmd47bqnekij5i8b5pr03ho849e6.apps.googleusercontent.com&scope=email%20openid%20https%3A%2F%2Fwww.googleapis.com%2Fauth%2Fcloudplatformprojects.readonly%20https%3A%2F%2Fwww.googleapis.com%2Fauth%2Ffirebase%20https%3A%2F%2Fwww.googleapis.com%2Fauth%2Fcloud-platform&response_type=code&state=601611671&redirect_uri=http%3A%2F%2Flocalhost%3A9005
[info] 
[info] Waiting for authentication...
[debug] [2026-07-03T03:59:58.177Z] >>> [apiv2][query] POST https://accounts.google.com/o/oauth2/token [none]
[debug] [2026-07-03T03:59:58.177Z] >>> [apiv2][body] POST https://accounts.google.com/o/oauth2/token [omitted]
[debug] [2026-07-03T03:59:58.569Z] Token Fetch Error: FirebaseError: FetchError: Invalid response body while trying to fetch https://accounts.google.com/o/oauth2/token: Premature close
    at RetryOperation._fn (/Users/alejandrobuitrago/.nvm/versions/node/v24.17.0/lib/node_modules/firebase-tools/lib/apiv2.js:317:88)
    at process.processTicksAndRejections (node:internal/process/task_queues:104:5)
[error] Authentication Error: Your credentials are no longer valid. Please run firebase login --reauth

For CI servers and headless environments, generate a new token with firebase login:ci
[debug] [2026-07-03T03:59:58.690Z] >>> [apiv2][query] POST https://auth.firebase.tools/attest [none]
[debug] [2026-07-03T03:59:58.691Z] >>> [apiv2][body] POST https://auth.firebase.tools/attest {"session_id":"2dbd4190-3c3c-4ca8-92d7-8bc85ea8716d"}
[debug] [2026-07-03T03:59:59.371Z] <<< [apiv2][status] POST https://auth.firebase.tools/attest 200
[debug] [2026-07-03T03:59:59.371Z] <<< [apiv2][body] POST https://auth.firebase.tools/attest {"token":"HFbDpezWsji4-Os1K5pSsd1u9Zoqu-H-SfDYFc9HIgk"}
[info] 
[info] To sign in to the Firebase CLI:
[info] 
[info] 1. Take note of your session ID:
[info] 
[info]    2DBD4
[info] 
[info] 2. Visit the URL below on any device and follow the instructions to get your code:
[info] 
[info]    https://auth.firebase.tools/login?code_challenge=xMOavS5mrjb_WdAWwWD9NjIQPMEtBn0zEfHJE665xtU&session=2dbd4190-3c3c-4ca8-92d7-8bc85ea8716d&attest=HFbDpezWsji4-Os1K5pSsd1u9Zoqu-H-SfDYFc9HIgk
[info] 
[info] 3. Paste or enter the authorization code below once you have it:
[info] 
[debug] [2026-07-03T07:06:38.965Z] ExitPromptError: User force closed the prompt with SIGINT
    at Interface.sigint (/Users/alejandrobuitrago/.nvm/versions/node/v24.17.0/lib/node_modules/firebase-tools/node_modules/@inquirer/core/dist/commonjs/lib/create-prompt.js:101:37)
    at Interface.emit (node:events:509:28)
    at [_ttyWrite] [as _ttyWrite] (node:internal/readline/interface:1327:18)
    at ReadStream.onkeypress (node:internal/readline/interface:284:20)
    at ReadStream.emit (node:events:521:24)
    at emitKeys (node:internal/readline/utils:371:14)
    at emitKeys.next (<anonymous>)
    at ReadStream.onData (node:internal/readline/emitKeypressEvents:64:36)
    at ReadStream.emit (node:events:509:28)
    at addChunk (node:internal/streams/readable:563:12)
[error] 
[error] Error: An unexpected error has occurred.
